1. Pull the Busy-box image to your local system, tag it, and push it to the Docker Hub repository "yourname_cloudethix_busybox.
 Ans.
root@DESKTOP-1RT156R:~#
root@DESKTOP-1RT156R:~# docker image pull busybox
Using default tag: latest
Cannot connect to the Docker daemon at unix:///var/run/docker.sock. Is the docker daemon running?
root@DESKTOP-1RT156R:~# service docker start
 * Starting Docker: docker                                                                                                    [ OK ]
root@DESKTOP-1RT156R:~# service docker status
 * Docker is running
root@DESKTOP-1RT156R:~# docker image pull busybox
Using default tag: latest
latest: Pulling from library/busybox
a307d6ecc620: Pull complete
Digest: sha256:ba76950ac9eaa407512c9d859cea48114eeff8a6f12ebaa5d32ce79d4a017dd8
Status: Downloaded newer image for busybox:latest
docker.io/library/busybox:latest
root@DESKTOP-1RT156R:~# docker images ls
REPOSITORY   TAG       IMAGE ID   CREATED   SIZE
root@DESKTOP-1RT156R:~# docker images
REPOSITORY     TAG       IMAGE ID       CREATED        SIZE
cache-image1   latest    2152522f9cd2   7 days ago     584MB
cache-image    latest    2152522f9cd2   7 days ago     584MB
ubuntu         latest    265f1980393a   8 days ago     132MB
busybox        latest    9211bbaa0dbd   4 weeks ago    4.26MB
ubuntu         22.04     174c8c134b2a   5 weeks ago    77.9MB
httpd          latest    6fd77d7e5eb7   3 months ago   167MB
root@DESKTOP-1RT156R:~# docker image tag busybox:latest BaigZuber/
Error parsing reference: "BaigZuber/" is not a valid repository/tag: invalid reference format: repository name must be lowercase
root@DESKTOP-1RT156R:~# docker image tag busybox:latest BaigZuber/zuber-cloudethix-busybox:v2
Error parsing reference: "BaigZuber/zuber-cloudethix-busybox:v2" is not a valid repository/tag: invalid reference format: repository name must be lowercase
root@DESKTOP-1RT156R:~# docker image tag busybox:latest baigzuber/zuber-cloudethix-busybox:v2
root@DESKTOP-1RT156R:~# docker image ls
REPOSITORY                           TAG       IMAGE ID       CREATED        SIZE
cache-image1                         latest    2152522f9cd2   7 days ago     584MB
cache-image                          latest    2152522f9cd2   7 days ago     584MB
ubuntu                               latest    265f1980393a   8 days ago     132MB
baigzuber/zuber-cloudethix-busybox   v2        9211bbaa0dbd   4 weeks ago    4.26MB
busybox                              latest    9211bbaa0dbd   4 weeks ago    4.26MB
ubuntu                               22.04     174c8c134b2a   5 weeks ago    77.9MB
httpd                                latest    6fd77d7e5eb7   3 months ago   167MB
root@DESKTOP-1RT156R:~# docker image push baigzuber/zuber-cloudethix-busybox:v2
The push refers to repository [docker.io/baigzuber/zuber-cloudethix-busybox]
82ae998286b2: Preparing
denied: requested access to the resource is denied
root@DESKTOP-1RT156R:~# docker image push baigzuber/zuber-cloudethix-busybox:v2
The push refers to repository [docker.io/baigzuber/zuber-cloudethix-busybox]
82ae998286b2: Preparing
v2: digest: sha256:7de5fa822a9d1e507c36565ee0cf50c08faa64505461c844a3ce3944d23efa35 size: 536


===============================================================================


2. In your project directory, create a Dockerfile (named Dockerfile) with the following content.
    FROM nginx:latest
    COPY custom-index.html /usr/share/nginx/html/index.html
  Ensure you also have a file named custom-index.html in the same directory.
  Build the Docker image using the Dockerfile you created and push it your repository. 
  Delete the local image.
  Start a new container using the custom Nginx image that you just pushed.
  Map port 8080 on your host to port 80 in the container. Check the container page in browser.
 Ans. 
root@DESKTOP-1RT156R:~# cat Dockerfile
FROM nginx:latest
COPY custom-index.html /usr/share/nginx/html/index.html
root@DESKTOP-1RT156R:~#
root@DESKTOP-1RT156R:~# vi custom-index.html
root@DESKTOP-1RT156R:~# cat custom-index.html
<html>
<body>

<h1>Hello World</h1>

<p>THis is Zuber from Cloud team</p>

</body>
</html>

root@DESKTOP-1RT156R:~# ls
Dockerfile  custom-index.html  git_repo1  lenovo       project   project3  project_clone  project_lan1  tmp            zuber.tar.gz
clone       dell               hp         nic_key.pem  project1  project4  project_lan    project_repo  ubuntu-nginxx
root@DESKTOP-1RT156R:~# docker image build -t baigzuber/my_docker_repo:latest .
[+] Building 40.6s (7/7) FINISHED                                                                                     docker:default
 => [internal] load .dockerignore                                                                                               0.0s
 => => transferring context: 2B                                                                                                 0.0s
 => [internal] load build definition from Dockerfile                                                                            0.0s
 => => transferring dockerfile: 111B                                                                                            0.0s
 => [internal] load metadata for docker.io/library/nginx:latest                                                                11.7s
 => [internal] load build context                                                                                               0.0s
 => => transferring context: 135B                                                                                               0.0s
 => [1/2] FROM docker.io/library/nginx:latest@sha256:4c0fdaa8b6341bfdeca5f18f7837462c80cff90527ee35ef185571e1c327beac          23.9s
 => => resolve docker.io/library/nginx:latest@sha256:4c0fdaa8b6341bfdeca5f18f7837462c80cff90527ee35ef185571e1c327beac           0.1s
 => => sha256:4c0fdaa8b6341bfdeca5f18f7837462c80cff90527ee35ef185571e1c327beac 7.59kB / 7.59kB                                  0.0s
 => => sha256:a8758716bb6aa4d90071160d27028fe4eaee7ce8166221a97d30440c8eac2be6 7.02kB / 7.02kB                                  0.0s
 => => sha256:8b7dd3ed1dc34cc1caba38bbbf22bceda5bd2e7c4e1b3c11ca64cda2ed186a2c 41.37MB / 41.37MB                               19.7s
 => => sha256:35497dd96569b9139cd388fd7107df32ccdc1449b205536bce0968b2dec3e7dc 628B / 628B                                     13.2s
 => => sha256:161ef4b1bf7effb350a2a9625cb2b59f69d54ec6059a8a155a1438d0439c593c 1.99kB / 1.99kB                                  0.0s
 => => sha256:2f44b7a888fa005d07c031d3cfad2a1c0344207def2ab9dbb97712425ff812c1 29.13MB / 29.13MB                               17.4s
 => => sha256:36664b6ce66b304efa7ba48eb960133a085c2ec800a9f8887df94a82679334c1 955B / 955B                                     13.7s
 => => sha256:2d455521f76cee8b8b2e21457075cc500c60373d70acb217f12838818fc3da90 366B / 366B                                     14.2s
 => => sha256:dc9c4fdb83d69ef5986ec344c6b75606b3a417c7434268cb6995962be5312f14 1.21kB / 1.21kB                                 14.6s
 => => sha256:8056d2bcf3b682573ee5b0c176c1209df285d5be0df98ec6ae08bf7421179b74 1.40kB / 1.40kB                                 14.9s
 => => extracting sha256:2f44b7a888fa005d07c031d3cfad2a1c0344207def2ab9dbb97712425ff812c1                                       2.9s
 => => extracting sha256:8b7dd3ed1dc34cc1caba38bbbf22bceda5bd2e7c4e1b3c11ca64cda2ed186a2c                                       2.3s
 => => extracting sha256:35497dd96569b9139cd388fd7107df32ccdc1449b205536bce0968b2dec3e7dc                                       0.0s
 => => extracting sha256:36664b6ce66b304efa7ba48eb960133a085c2ec800a9f8887df94a82679334c1                                       0.0s
 => => extracting sha256:2d455521f76cee8b8b2e21457075cc500c60373d70acb217f12838818fc3da90                                       0.0s
 => => extracting sha256:dc9c4fdb83d69ef5986ec344c6b75606b3a417c7434268cb6995962be5312f14                                       0.0s
 => => extracting sha256:8056d2bcf3b682573ee5b0c176c1209df285d5be0df98ec6ae08bf7421179b74                                       0.0s
 => [2/2] COPY custom-index.html /usr/share/nginx/html/index.html                                                               3.2s
 => exporting to image                                                                                                          1.1s
 => => exporting layers                                                                                                         0.9s
 => => writing image sha256:c51b8dc8d6705faedd74a679311c0eea00f5165fbedba7ff846389fcef80c9dc                                    0.1s
 => => naming to docker.io/baigzuber/my_docker_repo:latest 
 0.1s

root@DESKTOP-1RT156R:~# docker images
REPOSITORY                           TAG       IMAGE ID       CREATED          SIZE
baigzuber/my_docker_repo             latest    c51b8dc8d670   17 seconds ago   187MB
cache-image1                         latest    2152522f9cd2   8 days ago       584MB
cache-image                          latest    2152522f9cd2   8 days ago       584MB
ubuntu                               latest    265f1980393a   10 days ago      132MB
baigzuber/zuber-cloudethix-busybox   v2        9211bbaa0dbd   4 weeks ago      4.26MB
busybox                              latest    9211bbaa0dbd   4 weeks ago      4.26MB
ubuntu                               22.04     174c8c134b2a   5 weeks ago      77.9MB
httpd                                latest    6fd77d7e5eb7   3 months ago     167MB

root@DESKTOP-1RT156R:~# docker push baigzuber/my_docker_repo:latest
The push refers to repository [docker.io/baigzuber/my_docker_repo]
4652cfe47983: Pushed
009507b85609: Mounted from library/nginx
fbcc9bc44d3e: Mounted from library/nginx
b4ad47845036: Mounted from library/nginx
eddcd06e5ef9: Mounted from library/nginx
b61d4b2cd2da: Mounted from library/nginx
b6c2a8d6f0ac: Mounted from library/nginx
571ade696b26: Mounted from library/nginx
latest: digest: sha256:c51b89032f530e9f68fa1ba29d652295b172453461cdd91a95591ff151e8f100 size: 1985

root@DESKTOP-1RT156R:~# docker images
REPOSITORY                           TAG       IMAGE ID       CREATED          SIZE
baigzuber/my_docker_repo             latest    c51b8dc8d670   27 minutes ago   187MB
cache-image1                         latest    2152522f9cd2   8 days ago       584MB
cache-image                          latest    2152522f9cd2   8 days ago       584MB
ubuntu                               latest    265f1980393a   10 days ago      132MB
baigzuber/zuber-cloudethix-busybox   v2        9211bbaa0dbd   4 weeks ago      4.26MB
busybox                              latest    9211bbaa0dbd   4 weeks ago      4.26MB
ubuntu                               22.04     174c8c134b2a   5 weeks ago      77.9MB
httpd                                latest    6fd77d7e5eb7   3 months ago     167MB

root@DESKTOP-1RT156R:~# docker image rm baigzuber/my_docker_repo
Untagged: baigzuber/my_docker_repo:latest
Untagged: baigzuber/my_docker_repo@sha256:c51b89032f530e9f68fa1ba29d652295b172453461cdd91a95591ff151e8f100
Deleted: sha256:c51b8dc8d6705faedd74a679311c0eea00f5165fbedba7ff846389fcef80c9dc

root@DESKTOP-1RT156R:~# docker images
REPOSITORY                           TAG       IMAGE ID       CREATED        SIZE
cache-image1                         latest    2152522f9cd2   8 days ago     584MB
cache-image                          latest    2152522f9cd2   8 days ago     584MB
ubuntu                               latest    265f1980393a   10 days ago    132MB
baigzuber/zuber-cloudethix-busybox   v2        9211bbaa0dbd   4 weeks ago    4.26MB
busybox                              latest    9211bbaa0dbd   4 weeks ago    4.26MB
ubuntu                               22.04     174c8c134b2a   5 weeks ago    77.9MB
httpd                                latest    6fd77d7e5eb7   3 months ago   167MB

root@DESKTOP-1RT156R:~# docker container run -itd -p 8082:80 --name my_container baigzuber/my_docker_repo:latest
Unable to find image 'baigzuber/my_docker_repo:latest' locally
latest: Pulling from baigzuber/my_docker_repo
2f44b7a888fa: Already exists
8b7dd3ed1dc3: Already exists
35497dd96569: Already exists
36664b6ce66b: Already exists
2d455521f76c: Already exists
dc9c4fdb83d6: Already exists
8056d2bcf3b6: Already exists
426b0ca315fa: Already exists
Digest: sha256:c51b89032f530e9f68fa1ba29d652295b172453461cdd91a95591ff151e8f100
Status: Downloaded newer image for baigzuber/my_docker_repo:latest
5973295701f8b93dcfcee19847146816df7bcf9c45fa5398d5008fd77040ef10

root@DESKTOP-1RT156R:~# netstat -tunlp
Active Internet connections (only servers)
Proto Recv-Q Send-Q Local Address           Foreign Address         State       PID/Program name
tcp        0      0 0.0.0.0:8082            0.0.0.0:*               LISTEN      1021/docker-proxy
tcp6       0      0 :::8082                 :::*                    LISTEN      1029/docker-proxy

root@DESKTOP-1RT156R:~# docker container ls -a
CONTAINER ID   IMAGE                             COMMAND                  CREATED              STATUS                      PORTS                                   NAMES
5973295701f8   baigzuber/my_docker_repo:latest   "/docker-entrypoint.…"   About a minute ago   Up About a minute           0.0.0.0:8082->80/tcp, :::8082->80/tcp   my_container
3246cbe64b05   cache-image1                      "/bin/bash -e /init/…"   8 days ago           Exited (255) 28 hours ago   80/tcp                                  sharp_kilby
482d911d5db4   ubuntu                            "/bin/bash"              8 days ago           Exited (255) 28 hours ago                                           Ubuntu01

root@DESKTOP-1RT156R:~# curl localhost:8082
<html>
<body>

<h1>Hello World</h1>

<p>THis is Zuber from Cloud team</p>

</body>
</html>
root@DESKTOP-1RT156R:~#



===============================================================================
